// Jest Snapshot v1, https://goo.gl/fbAQLP

exports[`BackArrow should match snapshot 1`] = `
<View
  style={
    {
      "backgroundColor": "#FFFFFF",
      "borderRadius": 999,
      "elevation": 5,
      "left": 18,
      "paddingHorizontal": 8,
      "paddingVertical": 6,
      "position": "absolute",
      "shadowColor": "#000",
      "shadowOffset": {
        "height": 2,
        "width": 0,
      },
      "shadowOpacity": 0.25,
      "shadowRadius": 3.84,
      "top": 64,
      "zIndex": 10,
    }
  }
>
  <View
    accessibilityState={
      {
        "busy": undefined,
        "checked": undefined,
        "disabled": undefined,
        "expanded": undefined,
        "selected": undefined,
      }
    }
    accessibilityValue={
      {
        "max": undefined,
        "min": undefined,
        "now": undefined,
        "text": undefined,
      }
    }
    accessible={true}
    collapsable={false}
    focusable={true}
    onClick={[Function]}
    onResponderGrant={[Function]}
    onResponderMove={[Function]}
    onResponderRelease={[Function]}
    onResponderTerminate={[Function]}
    onResponderTerminationRequest={[Function]}
    onStartShouldSetResponder={[Function]}
    style={
      {
        "opacity": 1,
      }
    }
    testID="back-arrow-button"
  >
    <Ionicons
      color="#6A7BFF"
      name="chevron-back"
      size={24}
    />
  </View>
</View>
`;
